// Jest Snapshot v1, https://goo.gl/fbAQLP

exports[`Link changes the class when hovered 1`] = `
<div>
  <h1>
    hello world
  </h1>
  <p>
    this is a react-app
  </p>
</div>
`;
